// Jest Snapshot v1, https://goo.gl/fbAQLP

exports[`renders page unchanged 1`] = `<div />`;
